// Jest Snapshot v1, https://goo.gl/fbAQLP

exports[`AddTaskButton snapshot renders 1`] = `
<button
  className="btn btn-default btn-sm"
  onClick={[Function]}
>
  <span
    className="glyphicon glyphicon-plus"
  />
   Add Task
</button>
`;
