// Jest Snapshot v1, https://goo.gl/fbAQLP

exports[`EditTaskButton snapshot renders 1`] = `
<button
  className="btn btn-default btn-sm"
  onClick={[Function]}
>
  <span
    className="glyphicon glyphicon-edit"
  />
   Edit
</button>
`;
