// Jest Snapshot v1, https://goo.gl/fbAQLP

exports[`EmptyTaskList snapshot renders 1`] = `
<div>
  The todo list is empty. Please, add a new task, using the following button:
</div>
`;
